=== 2026-07-15 05:00:01 開始 ===
全手順が完了しました。実行結果は以下の通りです。

**1. カレンダー取得**: ✅成功（`mcp__google-calendar__list-events`は認証エラーで失敗したため、代替の`mcp__claude_ai_Google_Calendar__list_events`で取得。6件のイベントを確認）

**2. 日付確認**: ✅ 2026-07-15（水）

**3. 医療ニュース検索**: ✅成功
- a. 一般内科・臨床医学: 20件
- b. 薬剤・検査・医療機器: 5件
- c. 政策・埼玉県医療補助金: 5件

**4. Notion医療ニュースDB登録**: ✅成功（初回はタグのフォーマット不正でエラー→修正して再送信）
- 4-1「最新医療情報DB」: **20件**登録
- 4-2「薬剤検査医療機器 最新情報DB」: **5件**登録
- 4-3「医療政策・補助金ニュース DB」: **5件**登録
- 合計30ページ作成

**5〜6. TODOファイル作成**: ✅成功
`.secretary/todos/2026-07-15.md` を新規作成（ファイルが存在しなかったため）

**7. Notion Daily Tasksページ更新**: ✅成功（page_id: 390faf19-4002-81b1-b4a8-d7cd30658b9f）

**8. Slack転送**: ✅成功（自己DMに送信、[メッセージリンク](https://kotaro1318.slack.com/archives/DBKP1SLNS/p1784059664612899)）

エラーが発生したのはカレンダー取得の初回試行とNotionタグ形式のみで、いずれも代替手段で解決し、全ステップを最後まで完遂しました。

GitHub push 完了: 2026-07-15.md
=== 2026-07-15 05:07:57 完了 ===
