=== 2026-09-17 05:00:02 開始 ===
全9ステップ完了しました。

**実行結果サマリー**
1. ✅ カレンダー取得（mcp__claude_ai_Google_Calendar__list_events、安定版で成功）— 本日2件
2. ✅ 日付確認: 2026-09-17（木）
3. ✅ 医療ニュース検索（WebSearch）— 一般内科12件／薬剤検査機器5件／政策補助金5件
4. ✅ Notion DB登録
   - 4-1 最新医療情報DB: **12件**作成
   - 4-2 薬剤検査医療機器DB: **5件**作成
   - 4-3 医療政策・補助金DB: **5件**作成
5. ✅ `.secretary/todos/2026-09-17.md` 新規作成
6. ✅ ファイル保存
7. ✅ Notion「Secretary Daily Tasks」ページへ転送（replace_content成功）
8. ✅ Slackセルフ DMへ転送成功

備考:
- カレンダーは19:00〜20:30と20:00〜21:00の予定が時間重複しています。
- 手順3aは目標20件のうち、実URLが確認できた信頼性の高い記事12件に絞って登録しました（水増しせず実在するソースのみ採用）。
- git commit は今回の指示に含まれていなかったため未実施です（必要であれば指示してください）。

GitHub push 完了: 2026-09-17.md
=== 2026-09-17 05:04:42 完了 ===
